cmd : EEE
At line:1 char:1
+ cmd /c "python veri
fy_ml_filtering.py" 
2> test_errors.txt
+ ~~~~~~~~~~~~~~~~~~~
~~~~~~~~~~~~~~~~~~~~~
~~~~~~~~~~~~~~~~~
    + CategoryInfo   
           : NotSpe  
  cified: (EEE:Str   
 ing) [], RemoteE    
xception
    + FullyQualified 
   ErrorId : Native  
  CommandError
 
=====================
=====================
=====================
=======
ERROR: test_calculate
_timeframe_stats_filt
ering (__main__.TestM
LFiltering)
Test that calculate_t
imeframe_stats only 
considers tokens 
with ML_PASSED=True
---------------------
---------------------
---------------------
-------
Traceback (most 
recent call last):
  File "C:\Users\HP 
USER\Documents\Data A
nalyst\solana_bot\ver
ify_ml_filtering.py",
 line 14, in test_cal
culate_timeframe_stat
s_filtering
    from 
analytics_tracker 
import calculate_time
frame_stats
  File "C:\Users\HP 
USER\Documents\Data A
nalyst\solana_bot\ana
lytics_tracker.py", 
line 24, in <module>
    from supabase 
import 
create_client, Client
ModuleNotFoundError: 
No module named 
'supabase'

=====================
=====================
=====================
=======
ERROR: test_discovery
_alert_filtering (__m
ain__.TestMLFiltering
)
Test that discovery 
alerts are skipped 
for ML_PASSED=False
---------------------
---------------------
---------------------
-------
Traceback (most 
recent call last):
  File "C:\Python310\
lib\unittest\mock.py"
, line 1238, in 
_dot_lookup
    return 
getattr(thing, comp)
AttributeError: 
module 'alerts' has 
no attribute 
'monitoring'

During handling of 
the above exception, 
another exception 
occurred:

Traceback (most 
recent call last):
  File "C:\Python310\
lib\unittest\mock.py"
, line 1366, in 
patched
    with self.decorat
ion_helper(patched,
  File "C:\Python310\
lib\contextlib.py", 
line 135, in 
__enter__
    return 
next(self.gen)
  File "C:\Python310\
lib\unittest\mock.py"
, line 1348, in 
decoration_helper
    arg = exit_stack.
enter_context(patchin
g)
  File "C:\Python310\
lib\contextlib.py", 
line 492, in 
enter_context
    result = _cm_type
.__enter__(cm)
  File "C:\Python310\
lib\unittest\mock.py"
, line 1421, in 
__enter__
    self.target = 
self.getter()
  File "C:\Python310\
lib\unittest\mock.py"
, line 1608, in 
<lambda>
    getter = lambda: 
_importer(target)
  File "C:\Python310\
lib\unittest\mock.py"
, line 1251, in 
_importer
    thing = 
_dot_lookup(thing, 
comp, import_path)
  File "C:\Python310\
lib\unittest\mock.py"
, line 1240, in 
_dot_lookup
    __import__(import
_path)
  File "C:\Users\HP 
USER\Documents\Data A
nalyst\solana_bot\ale
rts\monitoring.py", 
line 11, in <module>
    import joblib
ModuleNotFoundError: 
No module named 
'joblib'

=====================
=====================
=====================
=======
ERROR: test_update_da
ily_file_entry_filter
ing (__main__.TestMLF
iltering)
Test that update_dail
y_file_entry records 
all tokens but 
filters daily_summary
---------------------
---------------------
---------------------
-------
Traceback (most 
recent call last):
  File "C:\Python310\
lib\unittest\mock.py"
, line 1366, in 
patched
    with self.decorat
ion_helper(patched,
  File "C:\Python310\
lib\contextlib.py", 
line 135, in 
__enter__
    return 
next(self.gen)
  File "C:\Python310\
lib\unittest\mock.py"
, line 1348, in 
decoration_helper
    arg = exit_stack.
enter_context(patchin
g)
  File "C:\Python310\
lib\contextlib.py", 
line 492, in 
enter_context
    result = _cm_type
.__enter__(cm)
  File "C:\Python310\
lib\unittest\mock.py"
, line 1421, in 
__enter__
    self.target = 
self.getter()
  File "C:\Python310\
lib\unittest\mock.py"
, line 1608, in 
<lambda>
    getter = lambda: 
_importer(target)
  File "C:\Python310\
lib\unittest\mock.py"
, line 1247, in 
_importer
    thing = __import_
_(import_path)
  File "C:\Users\HP 
USER\Documents\Data A
nalyst\solana_bot\ana
lytics_tracker.py", 
line 24, in <module>
    from supabase 
import 
create_client, Client
ModuleNotFoundError: 
No module named 
'supabase'

---------------------
---------------------
---------------------
-------
Ran 3 tests in 4.284s

FAILED (errors=3)
